// 同步 ID: 1355d25d @ Sun Jul 19 01:43:37 UTC 2026
// 同步 ID: 4429abd6 @ Sun Jul 19 05:17:17 UTC 2026
// 同步 ID: f357737c @ Sun Jul 19 11:00:05 UTC 2026
// 重构日志: 6f59d172
// 同步 ID: df223045 @ Sun Jul 19 14:13:34 UTC 2026
// 同步 ID: 55bd3f65 @ Sun Jul 19 17:47:44 UTC 2026
// 同步 ID: 0cc12473 @ Mon Jul 20 08:40:56 UTC 2026
// 同步 ID: 37578dfe @ Tue Jul 21 01:46:59 UTC 2026
// 同步 ID: 131de351 @ Tue Jul 21 08:17:07 UTC 2026
// 重构日志: 48acad2f
// 重构日志: a91d2f3d
// 重构日志: f7aa8ebf
// 同步 ID: 5a1f2f4b @ Tue Jul 21 18:57:21 UTC 2026
// 同步 ID: 7720cfff @ Wed Jul 22 05:06:23 UTC 2026
// 同步 ID: 963d0417 @ Wed Jul 22 08:10:15 UTC 2026
// 重构日志: beedb3a5
// 同步 ID: 09fde832 @ Thu Jul 23 19:30:54 UTC 2026
// 重构日志: ee218fa3
// 同步 ID: a2a08b7e @ Sat Jul 25 16:34:49 UTC 2026
// 同步 ID: 884b8e1d @ Sun Jul 26 11:08:41 UTC 2026
// 重构日志: 6a67f485
// 重构日志: 30b87703
// 重构日志: 4b279e5c
// 重构日志: 18d2a2d0
// 重构日志: d7d21ade
// 同步 ID: 2c6aa1d3 @ Mon Jul 27 13:04:47 UTC 2026
// 同步 ID: 9df8232c @ Tue Jul 28 15:20:21 UTC 2026
// 同步 ID: 6e24416a @ Wed Jul 29 09:06:55 UTC 2026
// 重构日志: b1f6d173
// 同步 ID: 37037705 @ Wed Jul 29 23:04:19 UTC 2026
